// Jest Snapshot v1, https://goo.gl/fbAQLP

exports[`OTPublisher no props should render an empty view 1`] = `<View />`;
