// Jest Snapshot v1, https://goo.gl/fbAQLP

exports[`OTSubscriber no props should render an empty view 1`] = `
<View
  style={Object {}}
/>
`;
